2023-08-02 12:32:34,745 [INFO] Chunk aggagtaagcccttgcaactggaaatacacccattg into blocks of 5
2023-08-03 17:40:22,678 [INFO] Chunk aggagtaagcccttgcaactggaaatacacccattg into blocks of 5
2023-08-03 17:47:22,762 [INFO] Chunk aggagtaagcccttgcaactggaaatacacccattggattagaggc into blocks of 10
2024-10-17 14:36:17,777 [INFO] Chunk aggagtaagcccttgcaactggaaatacacccattg into blocks of 5
2024-10-17 14:42:08,761 [INFO] Chunk aggagtaagcccttgcaactggaaatacacccattg into blocks of 5
2024-10-17 14:45:50,701 [INFO] Chunk aggagtaagcccttgcaactggaaatacacccattg into blocks of 5
2024-10-17 14:45:59,676 [INFO] Chunk aggagtaagcccttgcaactggaaatacacccattg into blocks of 5
2024-10-17 14:46:18,385 [INFO] Chunk aggagtaagcccttgcaactggaaatacacccattg into blocks of 5
2024-10-17 14:46:36,057 [INFO] Chunk aggagtaagcccttgcaactggaaatacacccattg into blocks of 5
2024-10-17 14:46:36,057 [INFO] This is a critical print statement
2024-10-17 14:46:46,264 [INFO] Chunk aggagtaagcccttgcaactggaaatacacccattg into blocks of 5
2024-10-17 14:46:46,264 [DEBUG] This is a critical print statement
2024-10-17 14:47:34,338 [INFO] Chunk aggagtaagcccttgcaactggaaatacacccattg into blocks of 5
2024-10-17 14:47:53,232 [INFO] Chunk aggagtaagcccttgcaactggaaatacacccattg into blocks of 5
2024-10-17 14:47:53,232 [DEBUG] This is a critical print statement
2024-10-17 14:57:00,857 [INFO] Chunk aggagtaagcccttgcaactggaaatacacccattg into blocks of 5
2024-10-17 14:57:00,857 [DEBUG] This is a critical print statement
2025-06-26 18:43:59,421 [INFO] Chunk aggagtaagcccttgcaactggaaatacacccattg into blocks of 5
2025-06-26 18:43:59,422 [DEBUG] This is a critical print statement
2025-06-26 18:44:38,145 [INFO] Chunk aggagtaagcccttgcaactggaaatacacccattg into blocks of 5
2025-06-26 18:44:38,145 [DEBUG] This is a critical print statement which I can switch off by increasing the log level
